// Jest Snapshot v1, https://goo.gl/fbAQLP

exports[`<Chart /> should render correctly 1`] = `
<div
  className="forecast__chart"
>
  <TemperaturePlot
    chartWidth={880}
    crosshairValues={Array []}
    currentTime={1499105000}
    dayDivsions={
      Array [
        1499151600,
        1499238000,
        1499324400,
        1499410800,
        1499497200,
        1499583600,
      ]
    }
    handleMouseLeave={[Function]}
    handleNearestX={[Function]}
    tempsData={
      Array [
        Object {
          "x": 1499065200,
          "y": 63,
        },
        Object {
          "x": 1499068800,
          "y": 62.11,
        },
        Object {
          "x": 1499072400,
          "y": 60.86,
        },
        Object {
          "x": 1499076000,
          "y": 59.86,
        },
        Object {
          "x": 1499079600,
          "y": 58.92,
        },
        Object {
          "x": 1499083200,
          "y": 58.01,
        },
        Object {
          "x": 1499086800,
          "y": 56.97,
        },
        Object {
          "x": 1499090400,
          "y": 56.26,
        },
        Object {
          "x": 1499094000,
          "y": 56.38,
        },
        Object {
          "x": 1499097600,
          "y": 57.67,
        },
        Object {
          "x": 1499101200,
          "y": 59.51,
        },
        Object {
          "x": 1499104800,
          "y": 61.71,
        },
        Object {
          "x": 1499108400,
          "y": 64.14,
        },
        Object {
          "x": 1499112000,
          "y": 66.43,
        },
        Object {
          "x": 1499115600,
          "y": 68.55,
        },
        Object {
          "x": 1499119200,
          "y": 70.23,
        },
        Object {
          "x": 1499122800,
          "y": 71.49,
        },
        Object {
          "x": 1499126400,
          "y": 71.97,
        },
        Object {
          "x": 1499130000,
          "y": 71.52,
        },
        Object {
          "x": 1499133600,
          "y": 70.25,
        },
        Object {
          "x": 1499137200,
          "y": 68.27,
        },
        Object {
          "x": 1499140800,
          "y": 65.61,
        },
        Object {
          "x": 1499144400,
          "y": 62.69,
        },
        Object {
          "x": 1499148000,
          "y": 60.29,
        },
        Object {
          "x": 1499151600,
          "y": 58.67,
        },
        Object {
          "x": 1499155200,
          "y": 57.49,
        },
        Object {
          "x": 1499158800,
          "y": 56.37,
        },
        Object {
          "x": 1499162400,
          "y": 54.77,
        },
        Object {
          "x": 1499166000,
          "y": 53.38,
        },
        Object {
          "x": 1499169600,
          "y": 53,
        },
        Object {
          "x": 1499173200,
          "y": 54.34,
        },
        Object {
          "x": 1499176800,
          "y": 56.67,
        },
        Object {
          "x": 1499180400,
          "y": 59.38,
        },
        Object {
          "x": 1499184000,
          "y": 62.16,
        },
        Object {
          "x": 1499187600,
          "y": 65.27,
        },
        Object {
          "x": 1499191200,
          "y": 68.06,
        },
        Object {
          "x": 1499194800,
          "y": 70.67,
        },
        Object {
          "x": 1499198400,
          "y": 72.71,
        },
        Object {
          "x": 1499202000,
          "y": 74.11,
        },
        Object {
          "x": 1499205600,
          "y": 75.06,
        },
        Object {
          "x": 1499209200,
          "y": 75.58,
        },
        Object {
          "x": 1499212800,
          "y": 75.55,
        },
        Object {
          "x": 1499216400,
          "y": 74.66,
        },
        Object {
          "x": 1499220000,
          "y": 73.09,
        },
        Object {
          "x": 1499223600,
          "y": 70.87,
        },
        Object {
          "x": 1499227200,
          "y": 67.77,
        },
        Object {
          "x": 1499230800,
          "y": 64.09,
        },
        Object {
          "x": 1499234400,
          "y": 61.15,
        },
        Object {
          "x": 1499238000,
          "y": 59.56,
        },
        Object {
          "x": 1499241600,
          "y": 58.58,
        },
        Object {
          "x": 1499245200,
          "y": 57.65,
        },
        Object {
          "x": 1499248800,
          "y": 56.05,
        },
        Object {
          "x": 1499252400,
          "y": 54.61,
        },
        Object {
          "x": 1499256000,
          "y": 54.29,
        },
        Object {
          "x": 1499259600,
          "y": 55.79,
        },
        Object {
          "x": 1499263200,
          "y": 58.4,
        },
        Object {
          "x": 1499266800,
          "y": 61.46,
        },
        Object {
          "x": 1499270400,
          "y": 64.7,
        },
        Object {
          "x": 1499274000,
          "y": 68.38,
        },
        Object {
          "x": 1499277600,
          "y": 71.77,
        },
        Object {
          "x": 1499281200,
          "y": 74.83,
        },
        Object {
          "x": 1499284800,
          "y": 77.56,
        },
        Object {
          "x": 1499288400,
          "y": 79.47,
        },
        Object {
          "x": 1499292000,
          "y": 80.61,
        },
        Object {
          "x": 1499295600,
          "y": 81.16,
        },
        Object {
          "x": 1499299200,
          "y": 81.13,
        },
        Object {
          "x": 1499302800,
          "y": 80.37,
        },
        Object {
          "x": 1499306400,
          "y": 78.9,
        },
        Object {
          "x": 1499310000,
          "y": 76.64,
        },
        Object {
          "x": 1499313600,
          "y": 73.13,
        },
        Object {
          "x": 1499317200,
          "y": 68.82,
        },
        Object {
          "x": 1499320800,
          "y": 65.45,
        },
        Object {
          "x": 1499324400,
          "y": 63.84,
        },
        Object {
          "x": 1499328000,
          "y": 63.03,
        },
        Object {
          "x": 1499331600,
          "y": 62.25,
        },
        Object {
          "x": 1499335200,
          "y": 60.81,
        },
        Object {
          "x": 1499338800,
          "y": 59.49,
        },
        Object {
          "x": 1499342400,
          "y": 59.08,
        },
        Object {
          "x": 1499346000,
          "y": 60.06,
        },
        Object {
          "x": 1499349600,
          "y": 61.96,
        },
        Object {
          "x": 1499353200,
          "y": 64.55,
        },
        Object {
          "x": 1499356800,
          "y": 67.86,
        },
        Object {
          "x": 1499360400,
          "y": 71.79,
        },
        Object {
          "x": 1499364000,
          "y": 75.22,
        },
        Object {
          "x": 1499367600,
          "y": 78,
        },
        Object {
          "x": 1499371200,
          "y": 80.38,
        },
        Object {
          "x": 1499374800,
          "y": 82.11,
        },
        Object {
          "x": 1499378400,
          "y": 83.12,
        },
        Object {
          "x": 1499382000,
          "y": 83.61,
        },
        Object {
          "x": 1499385600,
          "y": 83.57,
        },
        Object {
          "x": 1499389200,
          "y": 81.73,
        },
        Object {
          "x": 1499392800,
          "y": 79.74,
        },
        Object {
          "x": 1499396400,
          "y": 76.88,
        },
        Object {
          "x": 1499400000,
          "y": 72.9,
        },
        Object {
          "x": 1499403600,
          "y": 68.17,
        },
        Object {
          "x": 1499407200,
          "y": 64.39,
        },
        Object {
          "x": 1499410800,
          "y": 62.27,
        },
        Object {
          "x": 1499414400,
          "y": 60.91,
        },
        Object {
          "x": 1499418000,
          "y": 59.78,
        },
        Object {
          "x": 1499421600,
          "y": 58.29,
        },
        Object {
          "x": 1499425200,
          "y": 57.11,
        },
        Object {
          "x": 1499428800,
          "y": 56.73,
        },
        Object {
          "x": 1499432400,
          "y": 57.57,
        },
        Object {
          "x": 1499436000,
          "y": 59.26,
        },
        Object {
          "x": 1499439600,
          "y": 61.67,
        },
        Object {
          "x": 1499443200,
          "y": 64.77,
        },
        Object {
          "x": 1499446800,
          "y": 68.53,
        },
        Object {
          "x": 1499450400,
          "y": 71.82,
        },
        Object {
          "x": 1499454000,
          "y": 74.33,
        },
        Object {
          "x": 1499457600,
          "y": 76.34,
        },
        Object {
          "x": 1499461200,
          "y": 77.68,
        },
        Object {
          "x": 1499464800,
          "y": 78.46,
        },
        Object {
          "x": 1499468400,
          "y": 78.82,
        },
        Object {
          "x": 1499472000,
          "y": 78.68,
        },
        Object {
          "x": 1499475600,
          "y": 77.79,
        },
        Object {
          "x": 1499479200,
          "y": 76.2,
        },
        Object {
          "x": 1499482800,
          "y": 73.99,
        },
        Object {
          "x": 1499486400,
          "y": 70.91,
        },
        Object {
          "x": 1499490000,
          "y": 67.13,
        },
        Object {
          "x": 1499493600,
          "y": 63.91,
        },
        Object {
          "x": 1499497200,
          "y": 61.55,
        },
        Object {
          "x": 1499500800,
          "y": 59.72,
        },
        Object {
          "x": 1499504400,
          "y": 58.02,
        },
        Object {
          "x": 1499508000,
          "y": 56.53,
        },
        Object {
          "x": 1499511600,
          "y": 55.48,
        },
        Object {
          "x": 1499515200,
          "y": 55.5,
        },
        Object {
          "x": 1499518800,
          "y": 56.7,
        },
        Object {
          "x": 1499522400,
          "y": 58.8,
        },
        Object {
          "x": 1499526000,
          "y": 61.22,
        },
        Object {
          "x": 1499529600,
          "y": 64.37,
        },
        Object {
          "x": 1499533200,
          "y": 68.01,
        },
        Object {
          "x": 1499536800,
          "y": 71.28,
        },
        Object {
          "x": 1499540400,
          "y": 73.9,
        },
        Object {
          "x": 1499544000,
          "y": 76.04,
        },
        Object {
          "x": 1499547600,
          "y": 77.43,
        },
        Object {
          "x": 1499551200,
          "y": 78.15,
        },
        Object {
          "x": 1499554800,
          "y": 78.3,
        },
        Object {
          "x": 1499558400,
          "y": 77.96,
        },
        Object {
          "x": 1499562000,
          "y": 77.05,
        },
        Object {
          "x": 1499565600,
          "y": 75.59,
        },
        Object {
          "x": 1499569200,
          "y": 73.59,
        },
        Object {
          "x": 1499572800,
          "y": 70.67,
        },
        Object {
          "x": 1499576400,
          "y": 67.12,
        },
        Object {
          "x": 1499580000,
          "y": 64.24,
        },
        Object {
          "x": 1499583600,
          "y": 62.84,
        },
        Object {
          "x": 1499587200,
          "y": 62.22,
        },
        Object {
          "x": 1499590800,
          "y": 61.47,
        },
        Object {
          "x": 1499594400,
          "y": 60.25,
        },
        Object {
          "x": 1499598000,
          "y": 58.83,
        },
        Object {
          "x": 1499601600,
          "y": 57.82,
        },
        Object {
          "x": 1499605200,
          "y": 57.29,
        },
        Object {
          "x": 1499608800,
          "y": 57.38,
        },
        Object {
          "x": 1499612400,
          "y": 58.46,
        },
        Object {
          "x": 1499616000,
          "y": 61.08,
        },
        Object {
          "x": 1499619600,
          "y": 64.41,
        },
        Object {
          "x": 1499623200,
          "y": 67.38,
        },
        Object {
          "x": 1499626800,
          "y": 69.5,
        },
        Object {
          "x": 1499630400,
          "y": 71.47,
        },
        Object {
          "x": 1499634000,
          "y": 72.7,
        },
        Object {
          "x": 1499637600,
          "y": 73.15,
        },
        Object {
          "x": 1499641200,
          "y": 72.6,
        },
        Object {
          "x": 1499644800,
          "y": 69.23,
        },
        Object {
          "x": 1499648400,
          "y": 67.42,
        },
        Object {
          "x": 1499652000,
          "y": 65.3,
        },
        Object {
          "x": 1499655600,
          "y": 63.38,
        },
        Object {
          "x": 1499659200,
          "y": 61.8,
        },
        Object {
          "x": 1499662800,
          "y": 60.39,
        },
        Object {
          "x": 1499666400,
          "y": 59.25,
        },
        Object {
          "x": 1499670000,
          "y": 58.27,
        },
      ]
    }
    tempsNightData={
      Array [
        Object {
          "x": 1499065200,
          "y": 53,
        },
        Object {
          "x": 1499065200,
          "y": 83.61,
        },
        Object {
          "x": 1499084298,
          "y": 83.61,
        },
        Object {
          "x": 1499084298,
          "y": 53,
        },
        Object {
          "x": 1499659707,
          "y": 53,
        },
        Object {
          "x": 1499659707,
          "y": 83.61,
        },
        Object {
          "x": 1499670000,
          "y": 83.61,
        },
        Object {
          "x": 1499670000,
          "y": 53,
        },
        Object {
          "x": 1499141472,
          "y": 53,
        },
        Object {
          "x": 1499141472,
          "y": 83.61,
        },
        Object {
          "x": 1499170740,
          "y": 83.61,
        },
        Object {
          "x": 1499170740,
          "y": 53,
        },
        Object {
          "x": 1499227850,
          "y": 53,
        },
        Object {
          "x": 1499227850,
          "y": 83.61,
        },
        Object {
          "x": 1499257183,
          "y": 83.61,
        },
        Object {
          "x": 1499257183,
          "y": 53,
        },
        Object {
          "x": 1499314227,
          "y": 53,
        },
        Object {
          "x": 1499314227,
          "y": 83.61,
        },
        Object {
          "x": 1499343628,
          "y": 83.61,
        },
        Object {
          "x": 1499343628,
          "y": 53,
        },
        Object {
          "x": 1499400601,
          "y": 53,
        },
        Object {
          "x": 1499400601,
          "y": 83.61,
        },
        Object {
          "x": 1499430075,
          "y": 83.61,
        },
        Object {
          "x": 1499430075,
          "y": 53,
        },
        Object {
          "x": 1499486972,
          "y": 53,
        },
        Object {
          "x": 1499486972,
          "y": 83.61,
        },
        Object {
          "x": 1499516524,
          "y": 83.61,
        },
        Object {
          "x": 1499516524,
          "y": 53,
        },
        Object {
          "x": 1499573341,
          "y": 53,
        },
        Object {
          "x": 1499573341,
          "y": 83.61,
        },
        Object {
          "x": 1499602975,
          "y": 83.61,
        },
        Object {
          "x": 1499602975,
          "y": 53,
        },
      ]
    }
    tempsRange={
      Object {
        "max": 83.61,
        "min": 53,
      }
    }
    titleFormat={[Function]}
  />
  <ProbabilityPlot
    chartWidth={880}
    cloudCoverData={
      Array [
        Object {
          "x": 1499065200,
          "y": 0.6,
        },
        Object {
          "x": 1499068800,
          "y": 0.68,
        },
        Object {
          "x": 1499072400,
          "y": 0.74,
        },
        Object {
          "x": 1499076000,
          "y": 0.81,
        },
        Object {
          "x": 1499079600,
          "y": 0.85,
        },
        Object {
          "x": 1499083200,
          "y": 0.85,
        },
        Object {
          "x": 1499086800,
          "y": 0.89,
        },
        Object {
          "x": 1499090400,
          "y": 0.88,
        },
        Object {
          "x": 1499094000,
          "y": 0.9,
        },
        Object {
          "x": 1499097600,
          "y": 0.88,
        },
        Object {
          "x": 1499101200,
          "y": 0.86,
        },
        Object {
          "x": 1499104800,
          "y": 0.79,
        },
        Object {
          "x": 1499108400,
          "y": 0.63,
        },
        Object {
          "x": 1499112000,
          "y": 0.47,
        },
        Object {
          "x": 1499115600,
          "y": 0.35,
        },
        Object {
          "x": 1499119200,
          "y": 0.3,
        },
        Object {
          "x": 1499122800,
          "y": 0.27,
        },
        Object {
          "x": 1499126400,
          "y": 0.23,
        },
        Object {
          "x": 1499130000,
          "y": 0.17,
        },
        Object {
          "x": 1499133600,
          "y": 0.1,
        },
        Object {
          "x": 1499137200,
          "y": 0.06,
        },
        Object {
          "x": 1499140800,
          "y": 0.1,
        },
        Object {
          "x": 1499144400,
          "y": 0.16,
        },
        Object {
          "x": 1499148000,
          "y": 0.21,
        },
        Object {
          "x": 1499151600,
          "y": 0.24,
        },
        Object {
          "x": 1499155200,
          "y": 0.26,
        },
        Object {
          "x": 1499158800,
          "y": 0.24,
        },
        Object {
          "x": 1499162400,
          "y": 0.23,
        },
        Object {
          "x": 1499166000,
          "y": 0.23,
        },
        Object {
          "x": 1499169600,
          "y": 0.25,
        },
        Object {
          "x": 1499173200,
          "y": 0.35,
        },
        Object {
          "x": 1499176800,
          "y": 0.48,
        },
        Object {
          "x": 1499180400,
          "y": 0.56,
        },
        Object {
          "x": 1499184000,
          "y": 0.55,
        },
        Object {
          "x": 1499187600,
          "y": 0.51,
        },
        Object {
          "x": 1499191200,
          "y": 0.46,
        },
        Object {
          "x": 1499194800,
          "y": 0.44,
        },
        Object {
          "x": 1499198400,
          "y": 0.41,
        },
        Object {
          "x": 1499202000,
          "y": 0.36,
        },
        Object {
          "x": 1499205600,
          "y": 0.28,
        },
        Object {
          "x": 1499209200,
          "y": 0.17,
        },
        Object {
          "x": 1499212800,
          "y": 0.09,
        },
        Object {
          "x": 1499216400,
          "y": 0.06,
        },
        Object {
          "x": 1499220000,
          "y": 0.02,
        },
        Object {
          "x": 1499223600,
          "y": 0,
        },
        Object {
          "x": 1499227200,
          "y": 0,
        },
        Object {
          "x": 1499230800,
          "y": 0,
        },
        Object {
          "x": 1499234400,
          "y": 0,
        },
        Object {
          "x": 1499238000,
          "y": 0,
        },
        Object {
          "x": 1499241600,
          "y": 0,
        },
        Object {
          "x": 1499245200,
          "y": 0.01,
        },
        Object {
          "x": 1499248800,
          "y": 0.02,
        },
        Object {
          "x": 1499252400,
          "y": 0.03,
        },
        Object {
          "x": 1499256000,
          "y": 0.04,
        },
        Object {
          "x": 1499259600,
          "y": 0.08,
        },
        Object {
          "x": 1499263200,
          "y": 0.12,
        },
        Object {
          "x": 1499266800,
          "y": 0.15,
        },
        Object {
          "x": 1499270400,
          "y": 0.16,
        },
        Object {
          "x": 1499274000,
          "y": 0.16,
        },
        Object {
          "x": 1499277600,
          "y": 0.15,
        },
        Object {
          "x": 1499281200,
          "y": 0.11,
        },
        Object {
          "x": 1499284800,
          "y": 0.05,
        },
        Object {
          "x": 1499288400,
          "y": 0.01,
        },
        Object {
          "x": 1499292000,
          "y": 0,
        },
        Object {
          "x": 1499295600,
          "y": 0.01,
        },
        Object {
          "x": 1499299200,
          "y": 0.01,
        },
        Object {
          "x": 1499302800,
          "y": 0.01,
        },
        Object {
          "x": 1499306400,
          "y": 0.01,
        },
        Object {
          "x": 1499310000,
          "y": 0.02,
        },
        Object {
          "x": 1499313600,
          "y": 0.02,
        },
        Object {
          "x": 1499317200,
          "y": 0.02,
        },
        Object {
          "x": 1499320800,
          "y": 0.02,
        },
        Object {
          "x": 1499324400,
          "y": 0.01,
        },
        Object {
          "x": 1499328000,
          "y": 0.01,
        },
        Object {
          "x": 1499331600,
          "y": 0,
        },
        Object {
          "x": 1499335200,
          "y": 0,
        },
        Object {
          "x": 1499338800,
          "y": 0,
        },
        Object {
          "x": 1499342400,
          "y": 0,
        },
        Object {
          "x": 1499346000,
          "y": 0,
        },
        Object {
          "x": 1499349600,
          "y": 0.01,
        },
        Object {
          "x": 1499353200,
          "y": 0.01,
        },
        Object {
          "x": 1499356800,
          "y": 0.01,
        },
        Object {
          "x": 1499360400,
          "y": 0,
        },
        Object {
          "x": 1499364000,
          "y": 0,
        },
        Object {
          "x": 1499367600,
          "y": 0,
        },
        Object {
          "x": 1499371200,
          "y": 0,
        },
        Object {
          "x": 1499374800,
          "y": 0,
        },
        Object {
          "x": 1499378400,
          "y": 0,
        },
        Object {
          "x": 1499382000,
          "y": 0,
        },
        Object {
          "x": 1499385600,
          "y": 0,
        },
        Object {
          "x": 1499389200,
          "y": 0,
        },
        Object {
          "x": 1499392800,
          "y": 0,
        },
        Object {
          "x": 1499396400,
          "y": 0,
        },
        Object {
          "x": 1499400000,
          "y": 0,
        },
        Object {
          "x": 1499403600,
          "y": 0,
        },
        Object {
          "x": 1499407200,
          "y": 0,
        },
        Object {
          "x": 1499410800,
          "y": 0,
        },
        Object {
          "x": 1499414400,
          "y": 0,
        },
        Object {
          "x": 1499418000,
          "y": 0,
        },
        Object {
          "x": 1499421600,
          "y": 0.07,
        },
        Object {
          "x": 1499425200,
          "y": 0.17,
        },
        Object {
          "x": 1499428800,
          "y": 0.23,
        },
        Object {
          "x": 1499432400,
          "y": 0.21,
        },
        Object {
          "x": 1499436000,
          "y": 0.15,
        },
        Object {
          "x": 1499439600,
          "y": 0.1,
        },
        Object {
          "x": 1499443200,
          "y": 0.06,
        },
        Object {
          "x": 1499446800,
          "y": 0.04,
        },
        Object {
          "x": 1499450400,
          "y": 0.06,
        },
        Object {
          "x": 1499454000,
          "y": 0.19,
        },
        Object {
          "x": 1499457600,
          "y": 0.38,
        },
        Object {
          "x": 1499461200,
          "y": 0.49,
        },
        Object {
          "x": 1499464800,
          "y": 0.46,
        },
        Object {
          "x": 1499468400,
          "y": 0.36,
        },
        Object {
          "x": 1499472000,
          "y": 0.25,
        },
        Object {
          "x": 1499475600,
          "y": 0.15,
        },
        Object {
          "x": 1499479200,
          "y": 0.05,
        },
        Object {
          "x": 1499482800,
          "y": 0,
        },
        Object {
          "x": 1499486400,
          "y": 0.01,
        },
        Object {
          "x": 1499490000,
          "y": 0.07,
        },
        Object {
          "x": 1499493600,
          "y": 0.14,
        },
        Object {
          "x": 1499497200,
          "y": 0.21,
        },
        Object {
          "x": 1499500800,
          "y": 0.3,
        },
        Object {
          "x": 1499504400,
          "y": 0.36,
        },
        Object {
          "x": 1499508000,
          "y": 0.36,
        },
        Object {
          "x": 1499511600,
          "y": 0.33,
        },
        Object {
          "x": 1499515200,
          "y": 0.33,
        },
        Object {
          "x": 1499518800,
          "y": 0.39,
        },
        Object {
          "x": 1499522400,
          "y": 0.47,
        },
        Object {
          "x": 1499526000,
          "y": 0.53,
        },
        Object {
          "x": 1499529600,
          "y": 0.56,
        },
        Object {
          "x": 1499533200,
          "y": 0.57,
        },
        Object {
          "x": 1499536800,
          "y": 0.58,
        },
        Object {
          "x": 1499540400,
          "y": 0.57,
        },
        Object {
          "x": 1499544000,
          "y": 0.57,
        },
        Object {
          "x": 1499547600,
          "y": 0.57,
        },
        Object {
          "x": 1499551200,
          "y": 0.6,
        },
        Object {
          "x": 1499554800,
          "y": 0.64,
        },
        Object {
          "x": 1499558400,
          "y": 0.7,
        },
        Object {
          "x": 1499562000,
          "y": 0.79,
        },
        Object {
          "x": 1499565600,
          "y": 0.9,
        },
        Object {
          "x": 1499569200,
          "y": 0.98,
        },
        Object {
          "x": 1499572800,
          "y": 1,
        },
        Object {
          "x": 1499576400,
          "y": 1,
        },
        Object {
          "x": 1499580000,
          "y": 0.99,
        },
        Object {
          "x": 1499583600,
          "y": 0.99,
        },
        Object {
          "x": 1499587200,
          "y": 0.99,
        },
        Object {
          "x": 1499590800,
          "y": 0.99,
        },
        Object {
          "x": 1499594400,
          "y": 0.99,
        },
        Object {
          "x": 1499598000,
          "y": 0.99,
        },
        Object {
          "x": 1499601600,
          "y": 0.99,
        },
        Object {
          "x": 1499605200,
          "y": 1,
        },
        Object {
          "x": 1499608800,
          "y": 1,
        },
        Object {
          "x": 1499612400,
          "y": 1,
        },
        Object {
          "x": 1499616000,
          "y": 0.93,
        },
        Object {
          "x": 1499619600,
          "y": 0.82,
        },
        Object {
          "x": 1499623200,
          "y": 0.67,
        },
        Object {
          "x": 1499626800,
          "y": 0.44,
        },
        Object {
          "x": 1499630400,
          "y": 0.17,
        },
        Object {
          "x": 1499634000,
          "y": 0.01,
        },
        Object {
          "x": 1499637600,
          "y": 0.05,
        },
        Object {
          "x": 1499641200,
          "y": 0.18,
        },
        Object {
          "x": 1499644800,
          "y": 0.35,
        },
        Object {
          "x": 1499648400,
          "y": 0.55,
        },
        Object {
          "x": 1499652000,
          "y": 0.78,
        },
        Object {
          "x": 1499655600,
          "y": 0.92,
        },
        Object {
          "x": 1499659200,
          "y": 0.93,
        },
        Object {
          "x": 1499662800,
          "y": 0.88,
        },
        Object {
          "x": 1499666400,
          "y": 0.79,
        },
        Object {
          "x": 1499670000,
          "y": 0.63,
        },
      ]
    }
    crosshairValues={Array []}
    currentTime={1499105000}
    dayDivsions={
      Array [
        1499151600,
        1499238000,
        1499324400,
        1499410800,
        1499497200,
        1499583600,
      ]
    }
    handleMouseLeave={[Function]}
    handleNearestX={[Function]}
    humidityData={
      Array [
        Object {
          "x": 1499065200,
          "y": 0.73,
        },
        Object {
          "x": 1499068800,
          "y": 0.73,
        },
        Object {
          "x": 1499072400,
          "y": 0.75,
        },
        Object {
          "x": 1499076000,
          "y": 0.77,
        },
        Object {
          "x": 1499079600,
          "y": 0.79,
        },
        Object {
          "x": 1499083200,
          "y": 0.8,
        },
        Object {
          "x": 1499086800,
          "y": 0.82,
        },
        Object {
          "x": 1499090400,
          "y": 0.84,
        },
        Object {
          "x": 1499094000,
          "y": 0.84,
        },
        Object {
          "x": 1499097600,
          "y": 0.81,
        },
        Object {
          "x": 1499101200,
          "y": 0.76,
        },
        Object {
          "x": 1499104800,
          "y": 0.71,
        },
        Object {
          "x": 1499108400,
          "y": 0.66,
        },
        Object {
          "x": 1499112000,
          "y": 0.62,
        },
        Object {
          "x": 1499115600,
          "y": 0.57,
        },
        Object {
          "x": 1499119200,
          "y": 0.54,
        },
        Object {
          "x": 1499122800,
          "y": 0.51,
        },
        Object {
          "x": 1499126400,
          "y": 0.49,
        },
        Object {
          "x": 1499130000,
          "y": 0.49,
        },
        Object {
          "x": 1499133600,
          "y": 0.51,
        },
        Object {
          "x": 1499137200,
          "y": 0.54,
        },
        Object {
          "x": 1499140800,
          "y": 0.57,
        },
        Object {
          "x": 1499144400,
          "y": 0.62,
        },
        Object {
          "x": 1499148000,
          "y": 0.66,
        },
        Object {
          "x": 1499151600,
          "y": 0.69,
        },
        Object {
          "x": 1499155200,
          "y": 0.7,
        },
        Object {
          "x": 1499158800,
          "y": 0.73,
        },
        Object {
          "x": 1499162400,
          "y": 0.76,
        },
        Object {
          "x": 1499166000,
          "y": 0.78,
        },
        Object {
          "x": 1499169600,
          "y": 0.79,
        },
        Object {
          "x": 1499173200,
          "y": 0.78,
        },
        Object {
          "x": 1499176800,
          "y": 0.76,
        },
        Object {
          "x": 1499180400,
          "y": 0.72,
        },
        Object {
          "x": 1499184000,
          "y": 0.67,
        },
        Object {
          "x": 1499187600,
          "y": 0.61,
        },
        Object {
          "x": 1499191200,
          "y": 0.56,
        },
        Object {
          "x": 1499194800,
          "y": 0.51,
        },
        Object {
          "x": 1499198400,
          "y": 0.47,
        },
        Object {
          "x": 1499202000,
          "y": 0.43,
        },
        Object {
          "x": 1499205600,
          "y": 0.41,
        },
        Object {
          "x": 1499209200,
          "y": 0.4,
        },
        Object {
          "x": 1499212800,
          "y": 0.39,
        },
        Object {
          "x": 1499216400,
          "y": 0.41,
        },
        Object {
          "x": 1499220000,
          "y": 0.44,
        },
        Object {
          "x": 1499223600,
          "y": 0.48,
        },
        Object {
          "x": 1499227200,
          "y": 0.53,
        },
        Object {
          "x": 1499230800,
          "y": 0.6,
        },
        Object {
          "x": 1499234400,
          "y": 0.66,
        },
        Object {
          "x": 1499238000,
          "y": 0.7,
        },
        Object {
          "x": 1499241600,
          "y": 0.72,
        },
        Object {
          "x": 1499245200,
          "y": 0.74,
        },
        Object {
          "x": 1499248800,
          "y": 0.77,
        },
        Object {
          "x": 1499252400,
          "y": 0.8,
        },
        Object {
          "x": 1499256000,
          "y": 0.8,
        },
        Object {
          "x": 1499259600,
          "y": 0.79,
        },
        Object {
          "x": 1499263200,
          "y": 0.76,
        },
        Object {
          "x": 1499266800,
          "y": 0.72,
        },
        Object {
          "x": 1499270400,
          "y": 0.66,
        },
        Object {
          "x": 1499274000,
          "y": 0.59,
        },
        Object {
          "x": 1499277600,
          "y": 0.53,
        },
        Object {
          "x": 1499281200,
          "y": 0.47,
        },
        Object {
          "x": 1499284800,
          "y": 0.41,
        },
        Object {
          "x": 1499288400,
          "y": 0.37,
        },
        Object {
          "x": 1499292000,
          "y": 0.35,
        },
        Object {
          "x": 1499295600,
          "y": 0.34,
        },
        Object {
          "x": 1499299200,
          "y": 0.34,
        },
        Object {
          "x": 1499302800,
          "y": 0.36,
        },
        Object {
          "x": 1499306400,
          "y": 0.4,
        },
        Object {
          "x": 1499310000,
          "y": 0.45,
        },
        Object {
          "x": 1499313600,
          "y": 0.5,
        },
        Object {
          "x": 1499317200,
          "y": 0.57,
        },
        Object {
          "x": 1499320800,
          "y": 0.63,
        },
        Object {
          "x": 1499324400,
          "y": 0.66,
        },
        Object {
          "x": 1499328000,
          "y": 0.68,
        },
        Object {
          "x": 1499331600,
          "y": 0.7,
        },
        Object {
          "x": 1499335200,
          "y": 0.73,
        },
        Object {
          "x": 1499338800,
          "y": 0.76,
        },
        Object {
          "x": 1499342400,
          "y": 0.77,
        },
        Object {
          "x": 1499346000,
          "y": 0.76,
        },
        Object {
          "x": 1499349600,
          "y": 0.73,
        },
        Object {
          "x": 1499353200,
          "y": 0.69,
        },
        Object {
          "x": 1499356800,
          "y": 0.62,
        },
        Object {
          "x": 1499360400,
          "y": 0.55,
        },
        Object {
          "x": 1499364000,
          "y": 0.5,
        },
        Object {
          "x": 1499367600,
          "y": 0.46,
        },
        Object {
          "x": 1499371200,
          "y": 0.42,
        },
        Object {
          "x": 1499374800,
          "y": 0.4,
        },
        Object {
          "x": 1499378400,
          "y": 0.39,
        },
        Object {
          "x": 1499382000,
          "y": 0.38,
        },
        Object {
          "x": 1499385600,
          "y": 0.39,
        },
        Object {
          "x": 1499389200,
          "y": 0.39,
        },
        Object {
          "x": 1499392800,
          "y": 0.43,
        },
        Object {
          "x": 1499396400,
          "y": 0.48,
        },
        Object {
          "x": 1499400000,
          "y": 0.53,
        },
        Object {
          "x": 1499403600,
          "y": 0.58,
        },
        Object {
          "x": 1499407200,
          "y": 0.63,
        },
        Object {
          "x": 1499410800,
          "y": 0.66,
        },
        Object {
          "x": 1499414400,
          "y": 0.69,
        },
        Object {
          "x": 1499418000,
          "y": 0.71,
        },
        Object {
          "x": 1499421600,
          "y": 0.75,
        },
        Object {
          "x": 1499425200,
          "y": 0.78,
        },
        Object {
          "x": 1499428800,
          "y": 0.79,
        },
        Object {
          "x": 1499432400,
          "y": 0.78,
        },
        Object {
          "x": 1499436000,
          "y": 0.76,
        },
        Object {
          "x": 1499439600,
          "y": 0.72,
        },
        Object {
          "x": 1499443200,
          "y": 0.65,
        },
        Object {
          "x": 1499446800,
          "y": 0.58,
        },
        Object {
          "x": 1499450400,
          "y": 0.52,
        },
        Object {
          "x": 1499454000,
          "y": 0.49,
        },
        Object {
          "x": 1499457600,
          "y": 0.46,
        },
        Object {
          "x": 1499461200,
          "y": 0.44,
        },
        Object {
          "x": 1499464800,
          "y": 0.43,
        },
        Object {
          "x": 1499468400,
          "y": 0.42,
        },
        Object {
          "x": 1499472000,
          "y": 0.42,
        },
        Object {
          "x": 1499475600,
          "y": 0.44,
        },
        Object {
          "x": 1499479200,
          "y": 0.48,
        },
        Object {
          "x": 1499482800,
          "y": 0.52,
        },
        Object {
          "x": 1499486400,
          "y": 0.56,
        },
        Object {
          "x": 1499490000,
          "y": 0.59,
        },
        Object {
          "x": 1499493600,
          "y": 0.63,
        },
        Object {
          "x": 1499497200,
          "y": 0.66,
        },
        Object {
          "x": 1499500800,
          "y": 0.68,
        },
        Object {
          "x": 1499504400,
          "y": 0.71,
        },
        Object {
          "x": 1499508000,
          "y": 0.74,
        },
        Object {
          "x": 1499511600,
          "y": 0.76,
        },
        Object {
          "x": 1499515200,
          "y": 0.77,
        },
        Object {
          "x": 1499518800,
          "y": 0.75,
        },
        Object {
          "x": 1499522400,
          "y": 0.72,
        },
        Object {
          "x": 1499526000,
          "y": 0.68,
        },
        Object {
          "x": 1499529600,
          "y": 0.62,
        },
        Object {
          "x": 1499533200,
          "y": 0.56,
        },
        Object {
          "x": 1499536800,
          "y": 0.51,
        },
        Object {
          "x": 1499540400,
          "y": 0.48,
        },
        Object {
          "x": 1499544000,
          "y": 0.46,
        },
        Object {
          "x": 1499547600,
          "y": 0.45,
        },
        Object {
          "x": 1499551200,
          "y": 0.44,
        },
        Object {
          "x": 1499554800,
          "y": 0.43,
        },
        Object {
          "x": 1499558400,
          "y": 0.44,
        },
        Object {
          "x": 1499562000,
          "y": 0.46,
        },
        Object {
          "x": 1499565600,
          "y": 0.5,
        },
        Object {
          "x": 1499569200,
          "y": 0.54,
        },
        Object {
          "x": 1499572800,
          "y": 0.57,
        },
        Object {
          "x": 1499576400,
          "y": 0.6,
        },
        Object {
          "x": 1499580000,
          "y": 0.63,
        },
        Object {
          "x": 1499583600,
          "y": 0.64,
        },
        Object {
          "x": 1499587200,
          "y": 0.64,
        },
        Object {
          "x": 1499590800,
          "y": 0.65,
        },
        Object {
          "x": 1499594400,
          "y": 0.66,
        },
        Object {
          "x": 1499598000,
          "y": 0.68,
        },
        Object {
          "x": 1499601600,
          "y": 0.7,
        },
        Object {
          "x": 1499605200,
          "y": 0.71,
        },
        Object {
          "x": 1499608800,
          "y": 0.71,
        },
        Object {
          "x": 1499612400,
          "y": 0.68,
        },
        Object {
          "x": 1499616000,
          "y": 0.61,
        },
        Object {
          "x": 1499619600,
          "y": 0.54,
        },
        Object {
          "x": 1499623200,
          "y": 0.48,
        },
        Object {
          "x": 1499626800,
          "y": 0.44,
        },
        Object {
          "x": 1499630400,
          "y": 0.4,
        },
        Object {
          "x": 1499634000,
          "y": 0.38,
        },
        Object {
          "x": 1499637600,
          "y": 0.39,
        },
        Object {
          "x": 1499641200,
          "y": 0.41,
        },
        Object {
          "x": 1499644800,
          "y": 0.53,
        },
        Object {
          "x": 1499648400,
          "y": 0.58,
        },
        Object {
          "x": 1499652000,
          "y": 0.65,
        },
        Object {
          "x": 1499655600,
          "y": 0.71,
        },
        Object {
          "x": 1499659200,
          "y": 0.76,
        },
        Object {
          "x": 1499662800,
          "y": 0.79,
        },
        Object {
          "x": 1499666400,
          "y": 0.81,
        },
        Object {
          "x": 1499670000,
          "y": 0.82,
        },
      ]
    }
    percipProbData={
      Array [
        Object {
          "x": 1499065200,
          "y": 0,
        },
        Object {
          "x": 1499068800,
          "y": 0,
        },
        Object {
          "x": 1499072400,
          "y": 0,
        },
        Object {
          "x": 1499076000,
          "y": 0,
        },
        Object {
          "x": 1499079600,
          "y": 0,
        },
        Object {
          "x": 1499083200,
          "y": 0.03,
        },
        Object {
          "x": 1499086800,
          "y": 0.03,
        },
        Object {
          "x": 1499090400,
          "y": 0.01,
        },
        Object {
          "x": 1499094000,
          "y": 0.01,
        },
        Object {
          "x": 1499097600,
          "y": 0,
        },
        Object {
          "x": 1499101200,
          "y": 0,
        },
        Object {
          "x": 1499104800,
          "y": 0,
        },
        Object {
          "x": 1499108400,
          "y": 0,
        },
        Object {
          "x": 1499112000,
          "y": 0,
        },
        Object {
          "x": 1499115600,
          "y": 0,
        },
        Object {
          "x": 1499119200,
          "y": 0,
        },
        Object {
          "x": 1499122800,
          "y": 0,
        },
        Object {
          "x": 1499126400,
          "y": 0,
        },
        Object {
          "x": 1499130000,
          "y": 0,
        },
        Object {
          "x": 1499133600,
          "y": 0,
        },
        Object {
          "x": 1499137200,
          "y": 0,
        },
        Object {
          "x": 1499140800,
          "y": 0,
        },
        Object {
          "x": 1499144400,
          "y": 0,
        },
        Object {
          "x": 1499148000,
          "y": 0,
        },
        Object {
          "x": 1499151600,
          "y": 0.01,
        },
        Object {
          "x": 1499155200,
          "y": 0,
        },
        Object {
          "x": 1499158800,
          "y": 0,
        },
        Object {
          "x": 1499162400,
          "y": 0,
        },
        Object {
          "x": 1499166000,
          "y": 0,
        },
        Object {
          "x": 1499169600,
          "y": 0,
        },
        Object {
          "x": 1499173200,
          "y": 0,
        },
        Object {
          "x": 1499176800,
          "y": 0,
        },
        Object {
          "x": 1499180400,
          "y": 0,
        },
        Object {
          "x": 1499184000,
          "y": 0,
        },
        Object {
          "x": 1499187600,
          "y": 0,
        },
        Object {
          "x": 1499191200,
          "y": 0,
        },
        Object {
          "x": 1499194800,
          "y": 0,
        },
        Object {
          "x": 1499198400,
          "y": 0,
        },
        Object {
          "x": 1499202000,
          "y": 0,
        },
        Object {
          "x": 1499205600,
          "y": 0,
        },
        Object {
          "x": 1499209200,
          "y": 0,
        },
        Object {
          "x": 1499212800,
          "y": 0,
        },
        Object {
          "x": 1499216400,
          "y": 0,
        },
        Object {
          "x": 1499220000,
          "y": 0,
        },
        Object {
          "x": 1499223600,
          "y": 0,
        },
        Object {
          "x": 1499227200,
          "y": 0,
        },
        Object {
          "x": 1499230800,
          "y": 0,
        },
        Object {
          "x": 1499234400,
          "y": 0,
        },
        Object {
          "x": 1499238000,
          "y": 0,
        },
        Object {
          "x": 1499241600,
          "y": 0,
        },
        Object {
          "x": 1499245200,
          "y": 0,
        },
        Object {
          "x": 1499248800,
          "y": 0,
        },
        Object {
          "x": 1499252400,
          "y": 0,
        },
        Object {
          "x": 1499256000,
          "y": 0,
        },
        Object {
          "x": 1499259600,
          "y": 0,
        },
        Object {
          "x": 1499263200,
          "y": 0,
        },
        Object {
          "x": 1499266800,
          "y": 0,
        },
        Object {
          "x": 1499270400,
          "y": 0,
        },
        Object {
          "x": 1499274000,
          "y": 0,
        },
        Object {
          "x": 1499277600,
          "y": 0,
        },
        Object {
          "x": 1499281200,
          "y": 0,
        },
        Object {
          "x": 1499284800,
          "y": 0,
        },
        Object {
          "x": 1499288400,
          "y": 0,
        },
        Object {
          "x": 1499292000,
          "y": 0,
        },
        Object {
          "x": 1499295600,
          "y": 0,
        },
        Object {
          "x": 1499299200,
          "y": 0,
        },
        Object {
          "x": 1499302800,
          "y": 0,
        },
        Object {
          "x": 1499306400,
          "y": 0,
        },
        Object {
          "x": 1499310000,
          "y": 0,
        },
        Object {
          "x": 1499313600,
          "y": 0,
        },
        Object {
          "x": 1499317200,
          "y": 0,
        },
        Object {
          "x": 1499320800,
          "y": 0,
        },
        Object {
          "x": 1499324400,
          "y": 0,
        },
        Object {
          "x": 1499328000,
          "y": 0,
        },
        Object {
          "x": 1499331600,
          "y": 0,
        },
        Object {
          "x": 1499335200,
          "y": 0,
        },
        Object {
          "x": 1499338800,
          "y": 0,
        },
        Object {
          "x": 1499342400,
          "y": 0,
        },
        Object {
          "x": 1499346000,
          "y": 0,
        },
        Object {
          "x": 1499349600,
          "y": 0,
        },
        Object {
          "x": 1499353200,
          "y": 0,
        },
        Object {
          "x": 1499356800,
          "y": 0,
        },
        Object {
          "x": 1499360400,
          "y": 0,
        },
        Object {
          "x": 1499364000,
          "y": 0,
        },
        Object {
          "x": 1499367600,
          "y": 0,
        },
        Object {
          "x": 1499371200,
          "y": 0,
        },
        Object {
          "x": 1499374800,
          "y": 0,
        },
        Object {
          "x": 1499378400,
          "y": 0,
        },
        Object {
          "x": 1499382000,
          "y": 0,
        },
        Object {
          "x": 1499385600,
          "y": 0,
        },
        Object {
          "x": 1499389200,
          "y": 0,
        },
        Object {
          "x": 1499392800,
          "y": 0,
        },
        Object {
          "x": 1499396400,
          "y": 0,
        },
        Object {
          "x": 1499400000,
          "y": 0,
        },
        Object {
          "x": 1499403600,
          "y": 0,
        },
        Object {
          "x": 1499407200,
          "y": 0,
        },
        Object {
          "x": 1499410800,
          "y": 0,
        },
        Object {
          "x": 1499414400,
          "y": 0,
        },
        Object {
          "x": 1499418000,
          "y": 0,
        },
        Object {
          "x": 1499421600,
          "y": 0,
        },
        Object {
          "x": 1499425200,
          "y": 0,
        },
        Object {
          "x": 1499428800,
          "y": 0,
        },
        Object {
          "x": 1499432400,
          "y": 0,
        },
        Object {
          "x": 1499436000,
          "y": 0,
        },
        Object {
          "x": 1499439600,
          "y": 0,
        },
        Object {
          "x": 1499443200,
          "y": 0,
        },
        Object {
          "x": 1499446800,
          "y": 0,
        },
        Object {
          "x": 1499450400,
          "y": 0,
        },
        Object {
          "x": 1499454000,
          "y": 0,
        },
        Object {
          "x": 1499457600,
          "y": 0,
        },
        Object {
          "x": 1499461200,
          "y": 0,
        },
        Object {
          "x": 1499464800,
          "y": 0,
        },
        Object {
          "x": 1499468400,
          "y": 0,
        },
        Object {
          "x": 1499472000,
          "y": 0,
        },
        Object {
          "x": 1499475600,
          "y": 0,
        },
        Object {
          "x": 1499479200,
          "y": 0,
        },
        Object {
          "x": 1499482800,
          "y": 0,
        },
        Object {
          "x": 1499486400,
          "y": 0,
        },
        Object {
          "x": 1499490000,
          "y": 0,
        },
        Object {
          "x": 1499493600,
          "y": 0,
        },
        Object {
          "x": 1499497200,
          "y": 0,
        },
        Object {
          "x": 1499500800,
          "y": 0,
        },
        Object {
          "x": 1499504400,
          "y": 0,
        },
        Object {
          "x": 1499508000,
          "y": 0,
        },
        Object {
          "x": 1499511600,
          "y": 0,
        },
        Object {
          "x": 1499515200,
          "y": 0,
        },
        Object {
          "x": 1499518800,
          "y": 0,
        },
        Object {
          "x": 1499522400,
          "y": 0,
        },
        Object {
          "x": 1499526000,
          "y": 0,
        },
        Object {
          "x": 1499529600,
          "y": 0,
        },
        Object {
          "x": 1499533200,
          "y": 0,
        },
        Object {
          "x": 1499536800,
          "y": 0,
        },
        Object {
          "x": 1499540400,
          "y": 0,
        },
        Object {
          "x": 1499544000,
          "y": 0,
        },
        Object {
          "x": 1499547600,
          "y": 0,
        },
        Object {
          "x": 1499551200,
          "y": 0,
        },
        Object {
          "x": 1499554800,
          "y": 0,
        },
        Object {
          "x": 1499558400,
          "y": 0,
        },
        Object {
          "x": 1499562000,
          "y": 0,
        },
        Object {
          "x": 1499565600,
          "y": 0,
        },
        Object {
          "x": 1499569200,
          "y": 0,
        },
        Object {
          "x": 1499572800,
          "y": 0,
        },
        Object {
          "x": 1499576400,
          "y": 0,
        },
        Object {
          "x": 1499580000,
          "y": 0,
        },
        Object {
          "x": 1499583600,
          "y": 0,
        },
        Object {
          "x": 1499587200,
          "y": 0,
        },
        Object {
          "x": 1499590800,
          "y": 0,
        },
        Object {
          "x": 1499594400,
          "y": 0,
        },
        Object {
          "x": 1499598000,
          "y": 0,
        },
        Object {
          "x": 1499601600,
          "y": 0,
        },
        Object {
          "x": 1499605200,
          "y": 0,
        },
        Object {
          "x": 1499608800,
          "y": 0,
        },
        Object {
          "x": 1499612400,
          "y": 0,
        },
        Object {
          "x": 1499616000,
          "y": 0,
        },
        Object {
          "x": 1499619600,
          "y": 0,
        },
        Object {
          "x": 1499623200,
          "y": 0,
        },
        Object {
          "x": 1499626800,
          "y": 0,
        },
        Object {
          "x": 1499630400,
          "y": 0,
        },
        Object {
          "x": 1499634000,
          "y": 0,
        },
        Object {
          "x": 1499637600,
          "y": 0,
        },
        Object {
          "x": 1499641200,
          "y": 0,
        },
        Object {
          "x": 1499644800,
          "y": 0.06,
        },
        Object {
          "x": 1499648400,
          "y": 0.07,
        },
        Object {
          "x": 1499652000,
          "y": 0.06,
        },
        Object {
          "x": 1499655600,
          "y": 0.05,
        },
        Object {
          "x": 1499659200,
          "y": 0.05,
        },
        Object {
          "x": 1499662800,
          "y": 0.05,
        },
        Object {
          "x": 1499666400,
          "y": 0.03,
        },
        Object {
          "x": 1499670000,
          "y": 0.01,
        },
      ]
    }
    probNightData={
      Array [
        Object {
          "x": 1499065200,
          "y": 0,
        },
        Object {
          "x": 1499065200,
          "y": 1,
        },
        Object {
          "x": 1499084298,
          "y": 1,
        },
        Object {
          "x": 1499084298,
          "y": 0,
        },
        Object {
          "x": 1499659707,
          "y": 0,
        },
        Object {
          "x": 1499659707,
          "y": 1,
        },
        Object {
          "x": 1499670000,
          "y": 1,
        },
        Object {
          "x": 1499670000,
          "y": 0,
        },
        Object {
          "x": 1499141472,
          "y": 0,
        },
        Object {
          "x": 1499141472,
          "y": 1,
        },
        Object {
          "x": 1499170740,
          "y": 1,
        },
        Object {
          "x": 1499170740,
          "y": 0,
        },
        Object {
          "x": 1499227850,
          "y": 0,
        },
        Object {
          "x": 1499227850,
          "y": 1,
        },
        Object {
          "x": 1499257183,
          "y": 1,
        },
        Object {
          "x": 1499257183,
          "y": 0,
        },
        Object {
          "x": 1499314227,
          "y": 0,
        },
        Object {
          "x": 1499314227,
          "y": 1,
        },
        Object {
          "x": 1499343628,
          "y": 1,
        },
        Object {
          "x": 1499343628,
          "y": 0,
        },
        Object {
          "x": 1499400601,
          "y": 0,
        },
        Object {
          "x": 1499400601,
          "y": 1,
        },
        Object {
          "x": 1499430075,
          "y": 1,
        },
        Object {
          "x": 1499430075,
          "y": 0,
        },
        Object {
          "x": 1499486972,
          "y": 0,
        },
        Object {
          "x": 1499486972,
          "y": 1,
        },
        Object {
          "x": 1499516524,
          "y": 1,
        },
        Object {
          "x": 1499516524,
          "y": 0,
        },
        Object {
          "x": 1499573341,
          "y": 0,
        },
        Object {
          "x": 1499573341,
          "y": 1,
        },
        Object {
          "x": 1499602975,
          "y": 1,
        },
        Object {
          "x": 1499602975,
          "y": 0,
        },
      ]
    }
    titleFormat={[Function]}
  />
  <WindSpeedPlot
    chartWidth={880}
    crosshairValues={Array []}
    currentTime={1499105000}
    dayDivsions={
      Array [
        1499151600,
        1499238000,
        1499324400,
        1499410800,
        1499497200,
        1499583600,
      ]
    }
    handleMouseLeave={[Function]}
    handleNearestX={[Function]}
    titleFormat={[Function]}
    windNightData={
      Array [
        Object {
          "x": 1499065200,
          "y": 0.08,
        },
        Object {
          "x": 1499065200,
          "y": 7.48,
        },
        Object {
          "x": 1499084298,
          "y": 7.48,
        },
        Object {
          "x": 1499084298,
          "y": 0.08,
        },
        Object {
          "x": 1499659707,
          "y": 0.08,
        },
        Object {
          "x": 1499659707,
          "y": 7.48,
        },
        Object {
          "x": 1499670000,
          "y": 7.48,
        },
        Object {
          "x": 1499670000,
          "y": 0.08,
        },
        Object {
          "x": 1499141472,
          "y": 0.08,
        },
        Object {
          "x": 1499141472,
          "y": 7.48,
        },
        Object {
          "x": 1499170740,
          "y": 7.48,
        },
        Object {
          "x": 1499170740,
          "y": 0.08,
        },
        Object {
          "x": 1499227850,
          "y": 0.08,
        },
        Object {
          "x": 1499227850,
          "y": 7.48,
        },
        Object {
          "x": 1499257183,
          "y": 7.48,
        },
        Object {
          "x": 1499257183,
          "y": 0.08,
        },
        Object {
          "x": 1499314227,
          "y": 0.08,
        },
        Object {
          "x": 1499314227,
          "y": 7.48,
        },
        Object {
          "x": 1499343628,
          "y": 7.48,
        },
        Object {
          "x": 1499343628,
          "y": 0.08,
        },
        Object {
          "x": 1499400601,
          "y": 0.08,
        },
        Object {
          "x": 1499400601,
          "y": 7.48,
        },
        Object {
          "x": 1499430075,
          "y": 7.48,
        },
        Object {
          "x": 1499430075,
          "y": 0.08,
        },
        Object {
          "x": 1499486972,
          "y": 0.08,
        },
        Object {
          "x": 1499486972,
          "y": 7.48,
        },
        Object {
          "x": 1499516524,
          "y": 7.48,
        },
        Object {
          "x": 1499516524,
          "y": 0.08,
        },
        Object {
          "x": 1499573341,
          "y": 0.08,
        },
        Object {
          "x": 1499573341,
          "y": 7.48,
        },
        Object {
          "x": 1499602975,
          "y": 7.48,
        },
        Object {
          "x": 1499602975,
          "y": 0.08,
        },
      ]
    }
    windRange={
      Object {
        "max": 7.48,
        "min": 0.08,
      }
    }
    windSpeedData={
      Array [
        Object {
          "x": 1499065200,
          "y": 4.87,
        },
        Object {
          "x": 1499068800,
          "y": 3.75,
        },
        Object {
          "x": 1499072400,
          "y": 2.17,
        },
        Object {
          "x": 1499076000,
          "y": 1.39,
        },
        Object {
          "x": 1499079600,
          "y": 1.93,
        },
        Object {
          "x": 1499083200,
          "y": 3.09,
        },
        Object {
          "x": 1499086800,
          "y": 2.57,
        },
        Object {
          "x": 1499090400,
          "y": 2.07,
        },
        Object {
          "x": 1499094000,
          "y": 1.77,
        },
        Object {
          "x": 1499097600,
          "y": 1.39,
        },
        Object {
          "x": 1499101200,
          "y": 1.09,
        },
        Object {
          "x": 1499104800,
          "y": 1.06,
        },
        Object {
          "x": 1499108400,
          "y": 1.49,
        },
        Object {
          "x": 1499112000,
          "y": 2.88,
        },
        Object {
          "x": 1499115600,
          "y": 3.26,
        },
        Object {
          "x": 1499119200,
          "y": 3.77,
        },
        Object {
          "x": 1499122800,
          "y": 4.46,
        },
        Object {
          "x": 1499126400,
          "y": 5.79,
        },
        Object {
          "x": 1499130000,
          "y": 6.66,
        },
        Object {
          "x": 1499133600,
          "y": 7.02,
        },
        Object {
          "x": 1499137200,
          "y": 7.01,
        },
        Object {
          "x": 1499140800,
          "y": 6.64,
        },
        Object {
          "x": 1499144400,
          "y": 5.97,
        },
        Object {
          "x": 1499148000,
          "y": 5.35,
        },
        Object {
          "x": 1499151600,
          "y": 5.09,
        },
        Object {
          "x": 1499155200,
          "y": 4.64,
        },
        Object {
          "x": 1499158800,
          "y": 4.26,
        },
        Object {
          "x": 1499162400,
          "y": 4.01,
        },
        Object {
          "x": 1499166000,
          "y": 3.96,
        },
        Object {
          "x": 1499169600,
          "y": 4.02,
        },
        Object {
          "x": 1499173200,
          "y": 4.06,
        },
        Object {
          "x": 1499176800,
          "y": 4.28,
        },
        Object {
          "x": 1499180400,
          "y": 4.51,
        },
        Object {
          "x": 1499184000,
          "y": 4.75,
        },
        Object {
          "x": 1499187600,
          "y": 5.33,
        },
        Object {
          "x": 1499191200,
          "y": 5.67,
        },
        Object {
          "x": 1499194800,
          "y": 6.17,
        },
        Object {
          "x": 1499198400,
          "y": 6.66,
        },
        Object {
          "x": 1499202000,
          "y": 7.06,
        },
        Object {
          "x": 1499205600,
          "y": 7.33,
        },
        Object {
          "x": 1499209200,
          "y": 7.48,
        },
        Object {
          "x": 1499212800,
          "y": 7.43,
        },
        Object {
          "x": 1499216400,
          "y": 7.06,
        },
        Object {
          "x": 1499220000,
          "y": 6.49,
        },
        Object {
          "x": 1499223600,
          "y": 5.92,
        },
        Object {
          "x": 1499227200,
          "y": 5.43,
        },
        Object {
          "x": 1499230800,
          "y": 4.93,
        },
        Object {
          "x": 1499234400,
          "y": 4.36,
        },
        Object {
          "x": 1499238000,
          "y": 3.65,
        },
        Object {
          "x": 1499241600,
          "y": 3.1,
        },
        Object {
          "x": 1499245200,
          "y": 2.72,
        },
        Object {
          "x": 1499248800,
          "y": 2.51,
        },
        Object {
          "x": 1499252400,
          "y": 2.45,
        },
        Object {
          "x": 1499256000,
          "y": 2.48,
        },
        Object {
          "x": 1499259600,
          "y": 2.47,
        },
        Object {
          "x": 1499263200,
          "y": 2.56,
        },
        Object {
          "x": 1499266800,
          "y": 2.73,
        },
        Object {
          "x": 1499270400,
          "y": 3.09,
        },
        Object {
          "x": 1499274000,
          "y": 3.51,
        },
        Object {
          "x": 1499277600,
          "y": 3.78,
        },
        Object {
          "x": 1499281200,
          "y": 3.97,
        },
        Object {
          "x": 1499284800,
          "y": 4.12,
        },
        Object {
          "x": 1499288400,
          "y": 4.19,
        },
        Object {
          "x": 1499292000,
          "y": 4.17,
        },
        Object {
          "x": 1499295600,
          "y": 4.06,
        },
        Object {
          "x": 1499299200,
          "y": 4.04,
        },
        Object {
          "x": 1499302800,
          "y": 4.3,
        },
        Object {
          "x": 1499306400,
          "y": 4.62,
        },
        Object {
          "x": 1499310000,
          "y": 4.78,
        },
        Object {
          "x": 1499313600,
          "y": 4.67,
        },
        Object {
          "x": 1499317200,
          "y": 4.35,
        },
        Object {
          "x": 1499320800,
          "y": 3.91,
        },
        Object {
          "x": 1499324400,
          "y": 3.15,
        },
        Object {
          "x": 1499328000,
          "y": 2.17,
        },
        Object {
          "x": 1499331600,
          "y": 1.95,
        },
        Object {
          "x": 1499335200,
          "y": 2.13,
        },
        Object {
          "x": 1499338800,
          "y": 0.13,
        },
        Object {
          "x": 1499342400,
          "y": 0.38,
        },
        Object {
          "x": 1499346000,
          "y": 0.08,
        },
        Object {
          "x": 1499349600,
          "y": 1.69,
        },
        Object {
          "x": 1499353200,
          "y": 1.99,
        },
        Object {
          "x": 1499356800,
          "y": 1.81,
        },
        Object {
          "x": 1499360400,
          "y": 0.39,
        },
        Object {
          "x": 1499364000,
          "y": 3.11,
        },
        Object {
          "x": 1499367600,
          "y": 2.82,
        },
        Object {
          "x": 1499371200,
          "y": 3.15,
        },
        Object {
          "x": 1499374800,
          "y": 3.72,
        },
        Object {
          "x": 1499378400,
          "y": 4.26,
        },
        Object {
          "x": 1499382000,
          "y": 4.8,
        },
        Object {
          "x": 1499385600,
          "y": 5.18,
        },
        Object {
          "x": 1499389200,
          "y": 3.96,
        },
        Object {
          "x": 1499392800,
          "y": 4.28,
        },
        Object {
          "x": 1499396400,
          "y": 4.39,
        },
        Object {
          "x": 1499400000,
          "y": 4.47,
        },
        Object {
          "x": 1499403600,
          "y": 4.25,
        },
        Object {
          "x": 1499407200,
          "y": 3.73,
        },
        Object {
          "x": 1499410800,
          "y": 4.43,
        },
        Object {
          "x": 1499414400,
          "y": 4.18,
        },
        Object {
          "x": 1499418000,
          "y": 4.02,
        },
        Object {
          "x": 1499421600,
          "y": 4,
        },
        Object {
          "x": 1499425200,
          "y": 3.15,
        },
        Object {
          "x": 1499428800,
          "y": 4.54,
        },
        Object {
          "x": 1499432400,
          "y": 4.09,
        },
        Object {
          "x": 1499436000,
          "y": 3.82,
        },
        Object {
          "x": 1499439600,
          "y": 3.82,
        },
        Object {
          "x": 1499443200,
          "y": 3.43,
        },
        Object {
          "x": 1499446800,
          "y": 2.91,
        },
        Object {
          "x": 1499450400,
          "y": 2.61,
        },
        Object {
          "x": 1499454000,
          "y": 2.62,
        },
        Object {
          "x": 1499457600,
          "y": 1.21,
        },
        Object {
          "x": 1499461200,
          "y": 1.63,
        },
        Object {
          "x": 1499464800,
          "y": 3.51,
        },
        Object {
          "x": 1499468400,
          "y": 4.11,
        },
        Object {
          "x": 1499472000,
          "y": 4.39,
        },
        Object {
          "x": 1499475600,
          "y": 0.96,
        },
        Object {
          "x": 1499479200,
          "y": 2.64,
        },
        Object {
          "x": 1499482800,
          "y": 3.28,
        },
        Object {
          "x": 1499486400,
          "y": 3.42,
        },
        Object {
          "x": 1499490000,
          "y": 3.21,
        },
        Object {
          "x": 1499493600,
          "y": 0.68,
        },
        Object {
          "x": 1499497200,
          "y": 1.82,
        },
        Object {
          "x": 1499500800,
          "y": 2.5,
        },
        Object {
          "x": 1499504400,
          "y": 2.82,
        },
        Object {
          "x": 1499508000,
          "y": 3.22,
        },
        Object {
          "x": 1499511600,
          "y": 3.74,
        },
        Object {
          "x": 1499515200,
          "y": 4.01,
        },
        Object {
          "x": 1499518800,
          "y": 3.8,
        },
        Object {
          "x": 1499522400,
          "y": 3.32,
        },
        Object {
          "x": 1499526000,
          "y": 2.87,
        },
        Object {
          "x": 1499529600,
          "y": 2.6,
        },
        Object {
          "x": 1499533200,
          "y": 2.37,
        },
        Object {
          "x": 1499536800,
          "y": 2.26,
        },
        Object {
          "x": 1499540400,
          "y": 2.27,
        },
        Object {
          "x": 1499544000,
          "y": 1.17,
        },
        Object {
          "x": 1499547600,
          "y": 1.45,
        },
        Object {
          "x": 1499551200,
          "y": 1.44,
        },
        Object {
          "x": 1499554800,
          "y": 1.27,
        },
        Object {
          "x": 1499558400,
          "y": 2.55,
        },
        Object {
          "x": 1499562000,
          "y": 3.17,
        },
        Object {
          "x": 1499565600,
          "y": 3.23,
        },
        Object {
          "x": 1499569200,
          "y": 3.16,
        },
        Object {
          "x": 1499572800,
          "y": 0.55,
        },
        Object {
          "x": 1499576400,
          "y": 0.78,
        },
        Object {
          "x": 1499580000,
          "y": 1.16,
        },
        Object {
          "x": 1499583600,
          "y": 1.01,
        },
        Object {
          "x": 1499587200,
          "y": 2.89,
        },
        Object {
          "x": 1499590800,
          "y": 3.93,
        },
        Object {
          "x": 1499594400,
          "y": 4.29,
        },
        Object {
          "x": 1499598000,
          "y": 4.62,
        },
        Object {
          "x": 1499601600,
          "y": 4.83,
        },
        Object {
          "x": 1499605200,
          "y": 4.87,
        },
        Object {
          "x": 1499608800,
          "y": 4.82,
        },
        Object {
          "x": 1499612400,
          "y": 4.7,
        },
        Object {
          "x": 1499616000,
          "y": 4.51,
        },
        Object {
          "x": 1499619600,
          "y": 4.28,
        },
        Object {
          "x": 1499623200,
          "y": 4.09,
        },
        Object {
          "x": 1499626800,
          "y": 4.04,
        },
        Object {
          "x": 1499630400,
          "y": 2.72,
        },
        Object {
          "x": 1499634000,
          "y": 3.18,
        },
        Object {
          "x": 1499637600,
          "y": 3.5,
        },
        Object {
          "x": 1499641200,
          "y": 4.09,
        },
        Object {
          "x": 1499644800,
          "y": 3.94,
        },
        Object {
          "x": 1499648400,
          "y": 3.52,
        },
        Object {
          "x": 1499652000,
          "y": 2.02,
        },
        Object {
          "x": 1499655600,
          "y": 1.65,
        },
        Object {
          "x": 1499659200,
          "y": 1.73,
        },
        Object {
          "x": 1499662800,
          "y": 1.52,
        },
        Object {
          "x": 1499666400,
          "y": 1.65,
        },
        Object {
          "x": 1499670000,
          "y": 1.92,
        },
      ]
    }
  />
</div>
`;
